// Jest Snapshot v1, https://goo.gl/fbAQLP

exports[`Render should render component 1`] = `
<DocumentFragment>
  <div
    class="panel-options-group"
  >
    <div
      class="panel-options-group__header"
    >
      <span
        class="panel-options-group__title"
      >
        Feed
      </span>
    </div>
    <div
      class="panel-options-group__body"
    >
      <div
        class="gf-form"
      >
        <div
          class="form-field"
        >
          <label
            class="gf-form-label width-6"
          >
            Feed url
          </label>
          <input
            class="gf-form-input width-25"
            type="text"
            value="some/url"
          />
        </div>
      </div>
    </div>
  </div>
</DocumentFragment>
`;
